[PASS] INTERNAL PROVIDERS: HTTP 200
[PASS] INTERNAL CATALOG: HTTP 200
[PASS] DIGIFLAZZ PRICELIST: HTTP 200
[PASS] DIGIFLAZZ TRX: HTTP 200
[PASS] VIP PAYMENT PROFILE: HTTP 200
[PASS] VIP PAYMENT ORDER: HTTP 200
[PASS] PAYFAZZ PRODUCTS: HTTP 200
[PASS] PAYFAZZ TRX: HTTP 200
